# time_ms x y th deg battery_v sonar_min_mm side side_progress_mm
93 0.00 0.00 0.00 11.60 1568 1 0
189 0.00 0.00 0.00 11.60 1568 1 0
280 0.00 0.00 0.00 11.60 1568 1 0
375 1.00 0.00 0.00 11.60 1568 1 1
470 1.00 0.00 0.00 11.60 1568 1 1
563 5.00 0.00 -1.02 11.60 1568 1 5
657 13.00 0.00 0.00 11.60 1568 1 13
749 24.00 0.00 0.00 11.60 1556 1 24
840 24.00 0.00 0.00 11.60 1556 1 24
935 53.00 0.00 -1.02 11.60 1556 1 53
1030 67.00 0.00 0.00 11.60 1515 1 67
1124 82.00 0.00 -1.02 11.60 1515 1 82
1217 82.00 0.00 -1.02 11.60 1515 1 82
1312 112.00 0.00 -1.02 11.60 1471 1 112
1407 128.00 0.00 -1.02 11.60 1471 1 128
1502 142.00 0.00 -1.02 11.60 1471 1 142
1597 157.00 0.00 -1.02 11.60 1471 1 157
1690 172.00 0.00 -1.02 11.60 1427 1 172
1785 187.00 0.00 -1.02 11.60 1427 1 187
1880 202.00 0.00 -1.02 11.60 1425 1 202
1974 202.00 0.00 -1.02 11.60 1425 1 202
2069 217.00 0.00 0.00 11.60 1383 1 217
2164 232.00 0.00 -1.02 11.60 1383 1 232
2257 247.00 0.00 -1.02 11.60 1383 1 247
2347 262.00 0.00 0.00 11.60 1337 1 262
2442 277.00 0.00 0.00 11.60 1337 1 277
2537 292.00 0.00 -1.02 11.60 1337 1 292
2632 307.00 0.00 -1.02 11.60 1292 1 307
2725 322.00 0.00 -1.02 11.60 1292 1 322
2817 337.00 0.00 -1.02 11.60 1292 1 337
2907 352.00 0.00 -1.02 11.60 1247 1 352
3002 367.00 0.00 -1.02 11.60 1247 1 367
3097 382.00 0.00 -1.02 11.60 1247 1 382
3190 397.00 0.00 -1.02 11.60 1247 1 397
3285 412.00 0.00 -1.02 11.60 1203 2 0
3379 427.00 0.00 -1.02 11.60 1203 2 -385
3473 442.00 0.00 -1.02 11.60 1199 2 -370
3568 442.00 0.00 -1.02 11.60 1199 2 -370
3663 455.00 0.00 0.44 11.60 1159 2 -357
3757 465.00 0.00 2.10 11.60 1159 2 -347
3849 475.00 0.00 4.21 11.60 1159 2 -337
3942 485.00 1.00 6.14 11.60 1123 2 -327
4037 495.00 2.00 8.15 11.60 1123 2 -317
4132 505.00 4.00 10.17 11.60 1123 2 -307
4224 515.00 6.00 12.19 11.60 1095 2 -297
4314 524.00 8.00 14.11 11.60 1095 2 -288
4406 534.00 11.00 16.13 11.60 1095 2 -278
4499 543.00 13.00 18.15 11.60 1087 2 -268
4594 553.00 17.00 20.07 11.60 1072 2 -258
4689 562.00 20.00 22.09 11.60 1072 2 -249
4782 562.00 20.00 22.09 11.60 1072 2 -249
4873 571.00 24.00 24.11 11.60 1072 2 -239
4968 580.00 28.00 26.12 11.60 1045 2 -230
5063 589.00 33.00 28.05 11.60 1045 2 -220
5157 598.00 38.00 30.07 11.60 1045 2 -210
5247 606.00 43.00 32.08 11.60 1026 2 -201
5339 615.00 48.00 34.01 11.60 1026 2 -191
5434 623.00 54.00 36.03 11.60 1026 2 -182
5529 631.00 60.00 38.05 11.60 1024 2 -173
5622 638.00 66.00 40.06 11.60 1024 2 -165
5716 646.00 73.00 42.08 11.60 1024 2 -155
5808 653.00 80.00 44.01 11.60 1024 2 -146
5899 660.00 87.00 46.02 11.60 1401 2 -137
5994 667.00 94.00 47.95 11.60 1401 2 -128
6088 673.00 101.00 49.97 11.60 1350 2 -120
6182 673.00 101.00 49.97 11.60 1350 2 -120
6277 686.00 117.00 53.91 11.60 1350 2 -102
6372 686.00 117.00 53.91 11.60 1350 2 -102
6465 691.00 125.00 56.02 11.60 1408 2 -94
6558 697.00 134.00 57.94 11.60 1522 2 -85
6649 702.00 142.00 59.96 11.60 1522 2 -77
6744 707.00 151.00 61.98 11.60 1536 2 -69
6839 711.00 160.00 63.91 11.60 1536 2 -61
6933 715.00 169.00 65.92 11.60 1536 2 -53
7027 719.00 178.00 67.94 11.60 1447 2 -45
7122 723.00 187.00 69.95 11.60 1447 2 -37
7217 726.00 197.00 71.97 11.60 1447 2 -29
7308 729.00 206.00 73.90 11.60 1423 2 -22
7400 731.00 216.00 75.92 11.60 1423 2 -15
7491 733.00 225.00 77.93 11.60 1423 2 -8
7583 735.00 235.00 79.86 11.60 1423 2 -1
7674 735.00 235.00 79.86 11.60 1423 2 -1
7769 737.00 245.00 81.88 11.60 1197 2 7
7862 738.00 255.00 83.89 11.60 1197 2 14
7957 739.00 265.00 85.91 11.60 1197 2 21
8052 739.00 275.00 87.84 11.60 1197 2 27
8147 739.00 285.00 89.85 11.60 1169 2 34
8240 739.00 295.00 91.87 11.60 1169 2 40
8335 739.00 305.00 93.89 11.60 1169 2 47
8430 738.00 315.00 95.90 11.60 1395 2 53
8523 737.00 324.00 97.83 11.60 1395 2 59
8619 735.00 334.00 99.85 11.60 1395 2 65
8714 733.00 344.00 101.86 11.60 1364 2 71
8806 731.00 354.00 103.79 11.60 1364 2 77
8901 728.00 363.00 105.81 11.60 1364 2 81
8996 725.00 373.00 107.82 11.60 1253 2 87
9090 722.00 382.00 109.84 11.60 1253 2 92
9182 722.00 382.00 109.84 11.60 1253 2 92
9273 718.00 393.00 111.33 11.60 1253 2 98
9366 713.00 407.00 111.86 11.60 1411 2 106
9462 707.00 420.00 111.86 11.60 1362 2 113
9554 701.00 434.00 111.86 11.60 1362 2 121
9649 696.00 448.00 111.77 11.60 1362 2 130
9741 690.00 462.00 111.86 11.60 1327 2 139
9836 685.00 476.00 111.86 11.60 1327 2 149
9931 679.00 490.00 111.77 11.60 1327 2 158
10024 673.00 504.00 111.86 11.60 1296 2 168
10114 668.00 517.00 111.77 11.60 1296 2 177
10207 662.00 531.00 111.86 11.60 1296 2 187
10301 657.00 545.00 111.86 11.60 1269 2 198
10391 657.00 545.00 111.86 11.60 1269 2 198
10482 645.00 573.00 111.77 11.60 1269 2 219
10577 640.00 586.00 111.86 11.60 1269 2 229
10672 640.00 586.00 111.86 11.60 1269 2 229
10765 634.00 600.00 111.86 11.60 1267 2 240
10857 629.00 614.00 111.86 11.60 1267 2 251
10949 623.00 628.00 111.77 11.60 1267 2 262
11044 618.00 642.00 111.86 11.60 1220 2 274
11139 612.00 656.00 111.77 11.60 1220 2 286
11232 606.00 670.00 111.77 11.60 1220 2 298
11327 601.00 683.00 111.77 11.60 1187 2 309
11422 595.00 697.00 111.77 11.60 1187 2 321
11512 590.00 711.00 111.77 11.60 1187 2 333
11607 584.00 725.00 111.86 11.60 1151 2 345
11700 578.00 739.00 111.86 11.60 1151 2 357
11795 573.00 753.00 111.86 11.60 1151 2 370
11889 567.00 767.00 111.86 11.60 1111 2 383
11981 562.00 780.00 111.86 11.60 1111 2 394
12073 562.00 780.00 111.86 11.60 1111 2 394
12168 556.00 794.00 111.86 11.60 1111 3 0
12263 550.00 808.00 111.86 11.60 1111 3 -785
12357 545.00 822.00 111.77 11.60 1080 3 -770
12451 540.00 834.00 112.30 11.60 1080 3 -757
12546 536.00 843.00 114.05 11.60 1080 3 -747
12640 532.00 852.00 116.07 11.60 1047 3 -737
12733 527.00 861.00 117.99 11.60 1047 3 -727
12824 522.00 870.00 120.01 11.60 1047 3 -717
12919 517.00 878.00 122.03 11.60 1054 3 -707
13014 512.00 886.00 124.04 11.60 1054 3 -698
13107 506.00 894.00 126.06 11.60 1054 3 -688
13197 500.00 902.00 127.99 11.60 1336 3 -678
13292 494.00 910.00 130.00 11.60 1336 3 -668
13383 494.00 910.00 130.00 11.60 1336 3 -668
13474 487.00 918.00 132.02 11.60 1336 3 -658
13569 480.00 925.00 133.95 11.60 1535 3 -649
13662 473.00 932.00 136.05 11.60 1535 3 -639
13757 466.00 939.00 137.98 11.60 1535 3 -629
13852 458.00 945.00 140.00 11.60 1783 3 -620
13947 451.00 951.00 141.93 11.60 1783 3 -611
14040 442.00 957.00 143.94 11.60 1898 3 -601
14132 434.00 963.00 145.87 11.60 1898 3 -592
14227 426.00 968.00 147.97 11.60 1478 3 -583
14322 417.00 973.00 149.90 11.60 1478 3 -573
14415 409.00 978.00 151.92 11.60 1478 3 -564
14511 400.00 982.00 153.85 11.60 1499 3 -556
14606 391.00 987.00 155.86 11.60 1499 3 -546
14698 382.00 990.00 157.88 11.60 1499 3 -538
14791 372.00 994.00 159.90 11.60 1614 3 -528
14881 363.00 997.00 161.83 11.60 1614 3 -520
14973 363.00 997.00 161.83 11.60 1614 3 -520
15065 353.00 1000.00 163.84 11.60 1578 3 -511
15157 344.00 1002.00 165.86 11.60 1578 3 -503
15248 334.00 1005.00 167.87 11.60 1578 3 -494
15340 324.00 1006.00 169.89 11.60 2298 3 -486
15431 314.00 1008.00 171.91 11.60 2298 3 -477
15526 314.00 1008.00 171.91 11.60 2298 3 -477
15621 305.00 1009.00 173.83 11.60 2304 3 -470
15715 305.00 1009.00 173.83 11.60 2304 3 -470
15808 305.00 1009.00 173.83 11.60 2304 3 -470
15904 305.00 1009.00 173.83 11.60 2304 3 -470
15999 305.00 1009.00 173.83 11.60 2304 3 -470
16091 305.00 1009.00 173.83 11.60 2304 3 -470
16181 235.00 1007.00 -172.05 11.60 1479 3 -415
16276 235.00 1007.00 -172.05 11.60 1479 3 -415
16367 225.00 1006.00 -170.04 11.60 3357 3 -407
16462 216.00 1004.00 -168.11 11.60 2430 3 -400
16557 206.00 1001.00 -166.00 11.60 2430 3 -393
16652 196.00 999.00 -164.07 11.60 2430 3 -386
16747 187.00 996.00 -162.06 11.60 1420 3 -379
16840 177.00 993.00 -160.04 11.60 1420 3 -372
16931 168.00 989.00 -158.11 11.60 1420 3 -366
17024 159.00 985.00 -156.10 11.60 1381 3 -359
17118 150.00 981.00 -154.08 11.60 1381 3 -353
17213 141.00 976.00 -152.15 11.60 1381 3 -347
17304 132.00 971.00 -150.14 11.60 1392 3 -341
17398 124.00 966.00 -148.12 11.60 1392 3 -335
17494 116.00 961.00 -146.10 11.60 1392 3 -329
17589 108.00 955.00 -144.17 11.60 1392 3 -324
17682 108.00 955.00 -144.17 11.60 1392 3 -324
17772 100.00 949.00 -142.16 11.60 1314 3 -318
17865 92.00 943.00 -140.14 11.60 1314 3 -313
17958 85.00 936.00 -138.13 11.60 1314 3 -308
18053 77.00 929.00 -136.20 11.60 3219 3 -302
18147 70.00 922.00 -134.18 11.60 3219 3 -297
18240 64.00 915.00 -132.17 11.60 3194 3 -293
18335 57.00 907.00 -130.24 11.60 1337 3 -288
18429 50.00 898.00 -128.75 11.60 1337 3 -283
18523 41.00 886.00 -128.40 11.60 1337 3 -277
18616 31.00 874.00 -128.48 11.60 1337 3 -269
18707 22.00 863.00 -128.40 11.60 1295 3 -262
18799 22.00 863.00 -128.40 11.60 1295 3 -262
18890 4.00 839.00 -128.40 11.60 1295 3 -246
18982 -5.00 827.00 -128.48 11.60 1267 3 -238
19077 -5.00 827.00 -128.48 11.60 1267 3 -238
19171 -15.00 815.00 -128.40 11.60 1267 3 -229
19265 -24.00 804.00 -128.40 11.60 1267 3 -220
19357 -33.00 792.00 -128.48 11.60 2750 3 -211
19447 -42.00 780.00 -128.40 11.60 2750 3 -202
19542 -51.00 768.00 -128.48 11.60 3016 3 -192
19635 -60.00 756.00 -128.48 11.60 3016 3 -183
19725 -69.00 745.00 -128.48 11.60 3016 3 -173
19820 -69.00 745.00 -128.48 11.60 3016 3 -173
19916 -88.00 721.00 -128.48 11.60 2962 3 -152
20007 -97.00 709.00 -128.48 11.60 2962 3 -141
20102 -106.00 698.00 -128.40 11.60 2914 3 -131
20197 -115.00 686.00 -128.48 11.60 2914 3 -120
20290 -124.00 674.00 -128.48 11.60 2914 3 -109
20381 -134.00 662.00 -128.48 11.60 2914 3 -97
20475 -134.00 662.00 -128.48 11.60 2914 3 -97
20571 -143.00 650.00 -128.48 11.60 2874 3 -86
20665 -152.00 639.00 -128.48 11.60 1341 3 -75
20757 -161.00 627.00 -128.48 11.60 1341 3 -64
20848 -170.00 615.00 -128.40 11.60 1341 3 -52
20943 -179.00 603.00 -128.48 11.60 1963 3 -41
21038 -189.00 591.00 -128.40 11.60 1963 3 -28
21133 -198.00 580.00 -128.48 11.60 1963 3 -16
21227 -207.00 568.00 -128.48 11.60 1254 3 -4
21322 -216.00 556.00 -128.48 11.60 1254 3 8
21416 -225.00 544.00 -128.48 11.60 1254 3 20
21510 -234.00 532.00 -128.48 11.60 1220 3 32
21605 -244.00 521.00 -128.48 11.60 1220 3 45
21696 -253.00 509.00 -128.40 11.60 1220 3 58
21790 -262.00 497.00 -128.48 11.60 1220 3 70
21884 -262.00 497.00 -128.48 11.60 1220 3 70
21975 -271.00 485.00 -128.48 11.60 1823 3 83
22070 -280.00 473.00 -128.48 11.60 1823 3 96
22164 -289.00 462.00 -128.48 11.60 1823 3 108
22256 -299.00 450.00 -128.48 11.60 1164 3 122
22349 -308.00 438.00 -128.48 11.60 1164 3 134
22440 -317.00 426.00 -128.48 11.60 1164 3 147
22533 -326.00 414.00 -128.48 11.60 1757 3 160
22628 -335.00 403.00 -128.48 11.60 1757 3 173
22723 -344.00 391.00 -128.48 11.60 1757 3 186
22814 -354.00 379.00 -128.48 11.60 1725 3 200
22909 -363.00 367.00 -128.48 11.60 1725 3 213
23004 -372.00 355.00 -128.48 11.60 1725 3 227
23098 -381.00 344.00 -128.48 11.60 1693 3 239
23191 -390.00 332.00 -128.48 11.60 1693 3 253
23285 -399.00 320.00 -128.48 11.60 1693 3 266
23380 -409.00 308.00 -128.48 11.60 1693 3 280
23473 -409.00 308.00 -128.48 11.60 1693 3 280
23566 -418.00 297.00 -128.40 11.60 1662 3 293
23662 -427.00 285.00 -128.48 11.60 1662 3 307
23757 -436.00 273.00 -128.48 11.60 1662 3 320
23852 -445.00 261.00 -128.48 11.60 1447 3 334
23947 -454.00 249.00 -128.48 11.60 1447 3 348
24040 -454.00 249.00 -128.48 11.60 1447 3 348
24135 -473.00 226.00 -128.40 11.60 1139 3 375
24230 -482.00 214.00 -128.48 11.60 1139 3 389
24325 -491.00 202.00 -128.48 11.60 1139 1 0
24416 -500.00 190.00 -128.48 11.60 2297 1 15
24508 -509.00 179.00 -128.48 11.60 2060 1 29
24602 -517.00 168.00 -127.96 11.60 2060 1 43
24697 -523.00 160.00 -126.29 11.60 2060 1 53
24790 -529.00 152.00 -124.19 11.60 2060 1 63
24884 -534.00 144.00 -122.26 11.60 2036 1 72
24977 -534.00 144.00 -122.26 11.60 2036 1 72
25073 -539.00 135.00 -120.24 11.60 2036 1 82
25165 -544.00 127.00 -118.23 11.60 2036 1 92
25259 -548.00 118.00 -116.30 11.60 1997 1 102
25353 -553.00 109.00 -114.28 11.60 1997 1 112
25448 -556.00 99.00 -112.27 11.60 1997 1 122
25540 -560.00 90.00 -110.34 11.60 1972 1 132
25635 -563.00 81.00 -108.32 11.60 1972 1 141
25730 -566.00 71.00 -106.30 11.60 1972 1 151
25823 -568.00 62.00 -104.29 11.60 1972 1 160
25917 -570.00 52.00 -102.27 11.60 1958 1 170
26012 -572.00 42.00 -100.34 11.60 1958 1 179
26107 -572.00 42.00 -100.34 11.60 1958 1 179
26199 -575.00 22.00 -96.40 11.60 1914 1 199
26294 -576.00 12.00 -94.38 11.60 1914 1 208
26388 -576.00 3.00 -92.37 11.60 1914 1 216
26483 -576.00 3.00 -92.37 11.60 1914 1 216
26575 -576.00 -8.00 -90.35 11.60 1898 1 227
26668 -576.00 -18.00 -88.42 11.60 1898 1 236
26764 -575.00 -27.00 -86.32 11.60 1898 1 244
26859 -574.00 -37.00 -84.39 11.60 1898 1 253
26954 -573.00 -47.00 -82.37 11.60 2011 1 262
27048 -572.00 -57.00 -80.36 11.60 2011 1 271
27140 -570.00 -67.00 -78.43 11.60 2011 1 280
27234 -567.00 -76.00 -76.41 11.60 1814 1 288
27324 -565.00 -86.00 -74.40 11.60 1814 1 297
27415 -562.00 -96.00 -72.47 11.60 1814 1 306
27507 -559.00 -105.00 -70.45 11.60 1790 1 314
27598 -555.00 -114.00 -68.43 11.60 1790 1 322
27689 -551.00 -123.00 -66.42 11.60 1790 1 330
27781 -547.00 -132.00 -64.40 11.60 1790 1 339
27875 -547.00 -132.00 -64.40 11.60 1790 1 339
27965 -542.00 -141.00 -62.47 11.60 1967 1 347
28057 -538.00 -150.00 -60.46 11.60 1967 1 355
28151 -532.00 -158.00 -58.44 11.60 1951 1 362
28245 -527.00 -167.00 -56.42 11.60 1720 1 371
28340 -521.00 -175.00 -54.50 11.60 1720 1 378
28435 -515.00 -183.00 -52.48 11.60 1720 1 386
28530 -509.00 -190.00 -50.46 11.60 1693 1 392
28623 -502.00 -198.00 -48.53 11.60 1693 2 0
28718 -495.00 -205.00 -46.52 11.60 1693 2 -390
28813 -488.00 -212.00 -44.50 11.60 1693 2 -380
28908 -481.00 -219.00 -42.57 11.60 1655 2 -370
28999 -474.00 -225.00 -40.56 11.60 1655 2 -361
29090 -466.00 -231.00 -38.54 11.60 1655 2 -351
29181 -458.00 -238.00 -36.53 11.60 1617 2 -341
29272 -458.00 -238.00 -36.53 11.60 1617 2 -341
29365 -450.00 -243.00 -34.60 11.60 1617 2 -331
29457 -441.00 -248.00 -32.58 11.60 1617 2 -321
29551 -433.00 -254.00 -30.56 11.60 1544 2 -311
29646 -424.00 -258.00 -28.55 11.60 1544 2 -302
29741 -415.00 -263.00 -26.62 11.60 1544 2 -291
29832 -406.00 -267.00 -24.60 11.60 1544 2 -282
29924 -397.00 -271.00 -22.59 11.60 1812 2 -272
30018 -388.00 -274.00 -20.66 11.60 1812 2 -263
30113 -378.00 -277.00 -18.64 11.60 1755 2 -253
30208 -369.00 -280.00 -16.63 11.60 1755 2 -244
30303 -369.00 -280.00 -16.63 11.60 1755 2 -244
30395 -369.00 -280.00 -16.63 11.60 1755 2 -244
30489 -349.00 -285.00 -12.68 11.60 1723 2 -224
30581 -340.00 -287.00 -10.66 11.60 1723 2 -215
30672 -330.00 -288.00 -8.65 11.60 1723 2 -206
30765 -320.00 -289.00 -6.72 11.60 1708 2 -197
30857 -310.00 -290.00 -4.70 11.60 1697 2 -187
30951 -300.00 -291.00 -2.69 11.60 1697 2 -178
31047 -290.00 -291.00 0.18 11.60 1697 2 -168
31140 -280.00 -290.00 2.28 11.60 1659 2 -160
31231 -270.00 -290.00 4.21 11.60 1659 2 -150
31323 -260.00 -289.00 6.22 11.60 1659 2 -141
31418 -250.00 -288.00 8.24 11.60 1634 2 -132
31513 -241.00 -286.00 10.17 11.60 1634 2 -125
31608 -231.00 -284.00 12.19 11.60 1634 2 -116
31703 -221.00 -282.00 14.20 11.60 1853 2 -107
31799 -212.00 -280.00 16.22 11.60 1620 2 -99
31894 -202.00 -277.00 18.15 11.60 1620 2 -90
31989 -193.00 -273.00 20.25 11.60 1620 2 -82
32082 -193.00 -273.00 20.25 11.60 1620 2 -82
32175 -183.00 -270.00 22.18 11.60 1584 2 -73
32268 -174.00 -266.00 24.19 11.60 1584 2 -65
32362 -165.00 -262.00 26.12 11.60 1584 2 -57
32457 -156.00 -257.00 28.14 11.60 1565 2 -49
32551 -148.00 -252.00 30.16 11.60 1565 2 -42
32645 -139.00 -247.00 32.17 11.60 1565 2 -34
32739 -131.00 -242.00 34.10 11.60 2346 2 -26
32832 -123.00 -236.00 36.12 11.60 2346 2 -19
32926 -115.00 -230.00 38.13 11.60 2721 2 -12
33021 -107.00 -224.00 40.06 11.60 2721 2 -4
33116 -100.00 -217.00 42.08 11.60 1768 2 2
33207 -92.00 -210.00 44.09 11.60 1768 2 10
33299 -85.00 -203.00 46.02 11.60 1768 2 17
33390 -79.00 -196.00 48.04 11.60 1704 2 23
33485 -79.00 -196.00 48.04 11.60 1704 2 23
33579 -72.00 -189.00 50.06 11.60 1704 2 30
33674 -66.00 -181.00 52.07 11.60 1704 2 36
33765 -60.00 -173.00 54.00 11.60 2230 2 43
33856 -54.00 -165.00 56.02 11.60 2230 2 49
33951 -49.00 -156.00 58.03 11.60 2608 2 55
34042 -44.00 -148.00 60.05 11.60 2179 2 61
34137 -39.00 -139.00 61.98 11.60 2179 2 67
34230 -34.00 -130.00 63.99 11.60 2179 2 73
34322 -30.00 -121.00 65.92 11.60 2117 2 78
34415 -27.00 -112.00 68.03 11.60 2117 2 83
34506 -27.00 -112.00 68.03 11.60 2117 2 83
34598 -20.00 -93.00 71.97 11.60 2117 2 93
34689 -17.00 -84.00 73.99 11.60 2123 2 98
34782 -17.00 -84.00 73.99 11.60 2123 2 98
34873 -14.00 -74.00 75.92 11.60 2123 2 104
34968 -12.00 -65.00 77.93 11.60 2520 2 108
35063 -10.00 -55.00 79.95 11.60 2520 2 112
35155 -9.00 -45.00 81.88 11.60 2520 2 116
35248 -8.00 -35.00 83.89 11.60 2619 2 120
35343 -7.00 -25.00 85.91 11.60 1905 2 124
35439 -6.00 -15.00 87.84 11.60 1905 2 129
35532 -6.00 -5.00 89.94 11.60 1905 2 132
35623 -7.00 5.00 91.87 11.60 1892 2 135
35718 -7.00 15.00 93.89 11.60 1892 2 139
35813 -8.00 25.00 95.90 11.60 1892 2 142
35908 -9.00 34.00 97.83 11.60 2076 2 145
36004 -11.00 44.00 99.85 11.60 2076 2 147
36098 -12.00 54.00 101.86 11.60 2076 2 151
36191 -15.00 64.00 103.88 11.60 2076 2 153
36287 -17.00 73.00 105.81 11.60 1785 2 156
36380 -17.00 73.00 105.81 11.60 1785 2 156
36473 -20.00 83.00 107.82 11.60 1785 2 158
36565 -24.00 94.00 109.32 11.60 1785 2 160
36660 -29.00 108.00 109.75 11.60 2349 2 163
36753 -34.00 122.00 109.67 11.60 1540 2 167
36848 -39.00 136.00 109.75 11.60 1540 2 171
36943 -44.00 150.00 109.67 11.60 1540 2 175
37038 -49.00 164.00 109.67 11.60 2222 2 180
37132 -54.00 178.00 109.67 11.60 2222 2 185
37226 -60.00 192.00 109.67 11.60 2179 2 189
37321 -65.00 206.00 109.67 11.60 1507 2 195
37415 -70.00 220.00 109.67 11.60 1507 2 201
37510 -75.00 234.00 109.67 11.60 1507 2 207
37605 -80.00 249.00 109.67 11.60 1507 2 215
37699 -85.00 262.00 109.67 11.60 2142 2 221
37790 -90.00 277.00 109.67 11.60 2142 2 229
37881 -90.00 277.00 109.67 11.60 2142 2 229
37975 -95.00 291.00 109.67 11.60 2109 2 236
38066 -100.00 305.00 109.67 11.60 1327 2 244
38157 -105.00 319.00 109.67 11.60 1327 2 252
38252 -110.00 333.00 109.67 11.60 1327 2 260
38347 -115.00 347.00 109.67 11.60 2077 2 268
38439 -120.00 361.00 109.67 11.60 2077 2 277
38534 -126.00 375.00 109.67 11.60 2043 2 285
38629 -131.00 389.00 109.67 11.60 1220 2 294
38723 -136.00 403.00 109.67 11.60 1220 2 304
38818 -141.00 417.00 109.67 11.60 1220 2 313
38913 -146.00 431.00 109.67 11.60 1169 2 323
39007 -151.00 445.00 109.67 11.60 1169 2 333
39098 -156.00 459.00 109.67 11.60 1169 2 343
39193 -161.00 473.00 109.67 11.60 1169 2 353
39288 -161.00 473.00 109.67 11.60 1169 2 353
39381 -166.00 487.00 109.67 11.60 1169 2 363
39473 -171.00 501.00 109.67 11.60 1169 2 373
39565 -176.00 516.00 109.67 11.60 1169 2 385
39660 -181.00 530.00 109.67 11.60 1094 2 396
39755 -181.00 530.00 109.67 11.60 1094 2 396
39847 -192.00 558.00 109.67 11.60 1094 3 0
39940 -197.00 572.00 109.67 11.60 1086 3 -785
40031 -202.00 586.00 109.67 11.60 1086 3 -770
40122 -206.00 599.00 110.02 11.60 1086 3 -757
40217 -210.00 608.00 111.51 11.60 1083 3 -747
40312 -214.00 617.00 113.52 11.60 1083 3 -737
40407 -218.00 627.00 115.45 11.60 1083 3 -726
40499 -222.00 635.00 117.47 11.60 1036 3 -717
40593 -227.00 644.00 119.48 11.60 1036 3 -707
40688 -227.00 644.00 119.48 11.60 1036 3 -707
40783 -232.00 653.00 121.50 11.60 1036 3 -697
40878 -238.00 661.00 123.52 11.60 1036 3 -687
40973 -243.00 669.00 125.45 11.60 1041 3 -678
41064 -249.00 677.00 127.46 11.60 1041 3 -668
41159 -255.00 685.00 129.48 11.60 1041 3 -658
41250 -262.00 692.00 131.41 11.60 1863 3 -649
41345 -269.00 700.00 133.42 11.60 1863 3 -638
41440 -276.00 707.00 135.44 11.60 1913 3 -629
41530 -283.00 714.00 137.45 11.60 959 3 -619
41625 -290.00 720.00 139.38 11.60 959 3 -611
41720 -298.00 726.00 141.40 11.60 959 3 -601
41814 -306.00 732.00 143.33 11.60 959 3 -592
41910 -314.00 738.00 145.43 11.60 916 3 -583
42005 -322.00 744.00 147.36 11.60 916 3 -573
42097 -331.00 749.00 149.38 11.60 916 3 -564
42190 -340.00 754.00 151.39 11.60 1697 3 -554
42283 -340.00 754.00 151.39 11.60 1697 3 -554
42373 -349.00 758.00 153.32 11.60 1697 3 -546
42468 -358.00 762.00 155.34 11.60 1697 3 -537
42563 -367.00 766.00 157.35 11.60 895 3 -528
42655 -376.00 770.00 159.37 11.60 895 3 -519
42748 -385.00 773.00 161.30 11.60 895 3 -511
42843 -395.00 776.00 163.32 11.60 895 3 -502
42938 -404.00 779.00 165.33 11.60 766 3 -494
43031 -414.00 781.00 167.26 11.60 766 3 -485
43124 -424.00 783.00 169.28 11.60 766 3 -477
43215 -434.00 784.00 171.29 11.60 1717 3 -469
43305 -444.00 786.00 173.31 11.60 1717 3 -460
43398 -454.00 786.00 175.33 11.60 1717 3 -453
43490 -454.00 786.00 175.33 11.60 1717 3 -453
43585 -463.00 787.00 177.25 11.60 788 3 -445
43680 -473.00 787.00 179.27 11.60 788 3 -438
43775 -483.00 787.00 -178.63 11.60 788 3 -430
43870 -493.00 787.00 -176.61 11.60 788 3 -422
43965 -493.00 787.00 -176.61 11.60 788 3 -422
44060 -513.00 785.00 -172.58 11.60 661 3 -407
44155 -523.00 783.00 -170.56 11.60 661 3 -400
44245 -533.00 781.00 -168.63 11.60 625 3 -393
44340 -542.00 779.00 -166.62 11.60 625 3 -386
44435 -552.00 777.00 -164.60 11.60 625 3 -379
44530 -562.00 774.00 -162.67 11.60 642 3 -372
44625 -571.00 770.00 -160.66 11.60 642 3 -366
44715 -580.00 767.00 -158.64 11.60 642 3 -359
44806 -589.00 763.00 -156.62 11.60 642 3 -353
44900 -598.00 759.00 -154.61 11.60 561 3 -347
44992 -598.00 759.00 -154.61 11.60 561 3 -347
45082 -607.00 754.00 -152.68 11.60 561 3 -341
45173 -616.00 750.00 -150.66 11.60 561 3 -335
45268 -624.00 745.00 -148.65 11.60 627 3 -329
45363 -633.00 739.00 -146.72 11.60 627 3 -323
45456 -641.00 734.00 -144.70 11.60 627 3 -318
45552 -649.00 728.00 -142.68 11.60 515 3 -312
45646 -657.00 721.00 -140.76 11.60 515 3 -307
45737 -664.00 715.00 -138.74 11.60 515 3 -303
45831 -672.00 708.00 -136.72 11.60 515 3 -297
45923 -672.00 708.00 -136.72 11.60 515 3 -297
46019 -679.00 701.00 -134.79 11.60 2666 3 -292
46112 -679.00 701.00 -134.79 11.60 2666 3 -292
46206 -679.00 701.00 -134.79 11.60 2666 3 -292
46302 -679.00 701.00 -134.79 11.60 2666 3 -292
46397 -679.00 701.00 -134.79 11.60 2666 3 -292
46492 -679.00 701.00 -134.79 11.60 2666 3 -292
46587 -679.00 701.00 -134.79 11.60 2666 3 -292
46679 -698.00 679.00 -128.75 11.60 983 3 -280
46773 -698.00 679.00 -128.75 11.60 983 3 -280
46865 -698.00 679.00 -128.75 11.60 983 3 -280
46959 -698.00 679.00 -128.75 11.60 983 3 -280
47054 -698.00 679.00 -128.75 11.60 983 3 -280
47148 -698.00 679.00 -128.75 11.60 983 3 -280
47240 -698.00 679.00 -128.75 11.60 983 3 -280
47331 -787.00 550.00 -124.89 11.60 1289 3 -205
47426 -795.00 538.00 -124.89 11.60 1289 3 -197
47521 -803.00 525.00 -124.89 11.60 1271 3 -188
47615 -812.00 513.00 -124.89 11.60 1271 3 -178
47710 -820.00 501.00 -124.89 11.60 1271 3 -169
47805 -829.00 488.00 -124.89 11.60 1259 3 -159
47897 -837.00 476.00 -124.89 11.60 1259 3 -150
47989 -845.00 464.00 -124.89 11.60 1259 3 -140
48080 -845.00 464.00 -124.89 11.60 1259 3 -140
48173 -845.00 464.00 -124.89 11.60 1259 3 -140
48268 -862.00 439.00 -124.89 11.60 2108 3 -120
48363 -871.00 427.00 -124.89 11.60 2108 3 -108
48456 -879.00 414.00 -124.89 11.60 2116 3 -98
48552 -888.00 402.00 -124.89 11.60 2116 3 -87
48646 -896.00 390.00 -124.98 11.60 2116 3 -76
48740 -904.00 377.00 -124.89 11.60 683 3 -65
48831 -913.00 365.00 -124.89 11.60 683 3 -54
48926 -921.00 353.00 -124.89 11.60 683 3 -43
49020 -930.00 340.00 -124.89 11.60 683 3 -30
49115 -938.00 328.00 -124.89 11.60 660 3 -19
49206 -938.00 328.00 -124.89 11.60 660 3 -19
49301 -955.00 303.00 -124.89 11.60 660 3 4
49395 -955.00 303.00 -124.89 11.60 660 3 4
49490 -963.00 291.00 -124.89 11.60 2160 3 16
49585 -972.00 279.00 -124.98 11.60 2160 3 28
49680 -980.00 266.00 -124.98 11.60 2133 3 40
49774 -989.00 254.00 -124.89 11.60 2133 3 53
49870 -997.00 242.00 -124.89 11.60 2133 3 65
49964 -1005.00 229.00 -124.89 11.60 2064 3 77
50055 -1014.00 217.00 -124.89 11.60 1966 3 90
50148 -1022.00 204.00 -124.89 11.60 1966 3 102
50241 -1022.00 204.00 -124.89 11.60 1966 3 102
50335 -1039.00 180.00 -124.89 11.60 1907 3 128
50430 -1047.00 167.00 -124.89 11.60 1907 3 140
50523 -1056.00 155.00 -124.89 11.60 1907 3 153
50615 -1064.00 143.00 -124.89 11.60 1868 3 166
50706 -1072.00 130.00 -124.89 11.60 1868 3 179
50798 -1072.00 130.00 -124.89 11.60 1868 3 179
50893 -1081.00 118.00 -124.89 11.60 1868 3 192
50988 -1089.00 106.00 -124.89 11.60 1778 3 204
51084 -1098.00 94.00 -124.89 11.60 1778 3 218
51176 -1106.00 81.00 -124.89 11.60 1778 3 231
51271 -1115.00 69.00 -124.89 11.60 1778 3 245
51365 -1123.00 56.00 -124.98 11.60 1731 3 258
51460 -1131.00 44.00 -124.89 11.60 1731 3 270
51555 -1140.00 32.00 -124.89 11.60 1731 3 284
51648 -1148.00 19.00 -124.89 11.60 1692 3 297
51743 -1157.00 7.00 -124.89 11.60 1692 3 311
51838 -1165.00 -5.00 -124.89 11.60 1692 3 324
51931 -1173.00 -18.00 -124.89 11.60 1653 3 338
52024 -1182.00 -30.00 -124.98 11.60 1653 3 351
52116 -1190.00 -42.00 -124.89 11.60 1653 3 364
52211 -1199.00 -55.00 -124.89 11.60 1591 3 379
52306 -1199.00 -55.00 -124.89 11.60 1591 3 379
52397 -1207.00 -67.00 -124.89 11.60 1591 3 392
52493 -1215.00 -79.00 -124.89 11.60 1591 1 0
52588 -1224.00 -92.00 -124.89 11.60 1544 1 16
52681 -1232.00 -104.00 -124.98 11.60 1544 1 30
52776 -1240.00 -115.00 -124.28 11.60 1544 1 44
52871 -1245.00 -124.00 -122.70 11.60 1544 1 54
52965 -1250.00 -132.00 -120.68 11.60 1510 1 64
53056 -1255.00 -141.00 -118.67 11.60 1510 1 74
53148 -1260.00 -150.00 -116.65 11.60 1510 1 84
53243 -1264.00 -158.00 -114.72 11.60 1593 1 93
53338 -1268.00 -168.00 -112.70 11.60 1593 1 104
53431 -1271.00 -177.00 -110.69 11.60 1593 1 113
53522 -1274.00 -186.00 -108.76 11.60 1456 1 122
53613 -1277.00 -196.00 -106.74 11.60 1456 1 132
53706 -1280.00 -205.00 -104.73 11.60 1456 1 142
53797 -1282.00 -215.00 -102.80 11.60 1456 1 152
53890 -1282.00 -215.00 -102.80 11.60 1456 1 152
53984 -1284.00 -225.00 -100.78 11.60 1442 1 161
54080 -1286.00 -235.00 -98.77 11.60 1442 1 171
54175 -1287.00 -245.00 -96.75 11.60 1442 1 181
54268 -1288.00 -255.00 -94.82 11.60 1514 1 191
54363 -1288.00 -264.00 -92.80 11.60 1514 1 199
54456 -1288.00 -275.00 -90.79 11.60 1514 1 209
54549 -1288.00 -284.00 -88.77 11.60 1467 1 218
54641 -1288.00 -294.00 -86.84 11.60 1467 1 227
54732 -1287.00 -304.00 -84.83 11.60 1467 1 236
54823 -1286.00 -314.00 -82.81 11.60 1466 1 245
54918 -1284.00 -324.00 -80.79 11.60 1466 1 255
55009 -1282.00 -334.00 -78.87 11.60 1466 1 264
55104 -1280.00 -343.00 -76.85 11.60 1411 1 272
55198 -1278.00 -353.00 -74.92 11.60 1411 1 281
55289 -1278.00 -353.00 -74.92 11.60 1411 1 281
55381 -1275.00 -363.00 -72.91 11.60 1411 1 290
55476 -1272.00 -372.00 -70.89 11.60 1411 1 298
55571 -1268.00 -381.00 -68.87 11.60 1388 1 307
55665 -1264.00 -390.00 -66.86 11.60 1388 1 315
55756 -1260.00 -399.00 -64.93 11.60 1388 1 323
55850 -1255.00 -408.00 -62.91 11.60 1396 1 331
55941 -1251.00 -417.00 -60.90 11.60 1396 1 340
56036 -1246.00 -426.00 -58.97 11.60 1396 1 348
56131 -1240.00 -434.00 -56.95 11.60 1369 1 356
56222 -1235.00 -442.00 -54.93 11.60 1369 1 364
56314 -1229.00 -450.00 -52.92 11.60 1369 1 371
56406 -1222.00 -458.00 -50.99 11.60 1428 1 379
56501 -1222.00 -458.00 -50.99 11.60 1428 1 379
56596 -1209.00 -473.00 -46.96 11.60 1428 1 394
56692 -1209.00 -473.00 -46.96 11.60 1428 1 394
56783 -1202.00 -480.00 -44.94 11.60 1571 2 0
56874 -1195.00 -486.00 -43.01 11.60 1571 2 -391
56965 -1187.00 -493.00 -41.00 11.60 1571 2 -380
57056 -1180.00 -499.00 -38.98 11.60 1506 2 -371
57149 -1172.00 -505.00 -36.96 11.60 1506 2 -361
57243 -1164.00 -511.00 -35.03 11.60 1506 2 -351
57338 -1155.00 -516.00 -33.02 11.60 1485 2 -341
57431 -1147.00 -522.00 -31.00 11.60 1485 2 -331
57526 -1138.00 -526.00 -28.99 11.60 1485 2 -321
57621 -1129.00 -531.00 -27.06 11.60 1485 2 -311
57712 -1120.00 -535.00 -25.04 11.60 1462 2 -301
57806 -1111.00 -539.00 -23.03 11.60 1462 2 -292
57897 -1102.00 -543.00 -21.10 11.60 1462 2 -282
57992 -1102.00 -543.00 -21.10 11.60 1462 2 -282
58087 -1092.00 -546.00 -19.08 11.60 1432 2 -272
58181 -1083.00 -549.00 -17.06 11.60 1432 2 -262
58276 -1073.00 -551.00 -15.14 11.60 1432 2 -253
58371 -1064.00 -554.00 -13.12 11.60 1427 2 -243
58464 -1054.00 -555.00 -11.10 11.60 1427 2 -234
58556 -1044.00 -557.00 -9.17 11.60 1427 2 -224
58652 -1034.00 -558.00 -7.07 11.60 1427 2 -215
58747 -1024.00 -559.00 -5.14 11.60 2161 2 -205
58842 -1014.00 -560.00 -3.13 11.60 2161 2 -196
58933 -1004.00 -560.00 -1.11 11.60 2132 2 -186
59024 -994.00 -560.00 1.75 11.60 2132 2 -177
59115 -984.00 -559.00 3.77 11.60 2132 2 -168
59209 -975.00 -558.00 5.79 11.60 2132 2 -160
59305 -965.00 -557.00 7.80 11.60 2114 2 -151
59399 -955.00 -556.00 9.73 11.60 2114 2 -142
59495 -955.00 -556.00 9.73 11.60 2114 2 -142
59590 -945.00 -554.00 11.75 11.60 2114 2 -133
59683 -935.00 -552.00 13.76 11.60 2080 2 -123
59778 -926.00 -549.00 15.69 11.60 2080 2 -116
59870 -916.00 -546.00 17.71 11.60 2080 2 -106
59965 -907.00 -543.00 19.72 11.60 2058 2 -98
60055 -897.00 -540.00 21.74 11.60 2058 2 -89
60147 -888.00 -536.00 23.76 11.60 2058 2 -81
60243 -879.00 -532.00 25.69 11.60 2058 2 -73
60338 -870.00 -527.00 27.70 11.60 2048 2 -65
60429 -862.00 -523.00 29.72 11.60 2048 2 -57
60523 -862.00 -523.00 29.72 11.60 2048 2 -57
60615 -845.00 -512.00 33.66 11.60 2092 2 -42
60706 -845.00 -512.00 33.66 11.60 2092 2 -42
60798 -837.00 -506.00 35.68 11.60 2092 2 -34
60893 -829.00 -501.00 37.69 11.60 2092 2 -26
60988 -821.00 -494.00 39.71 11.60 2692 2 -19
61081 -813.00 -488.00 41.64 11.60 2692 2 -11
61176 -806.00 -481.00 43.66 11.60 3111 2 -4
61271 -799.00 -474.00 45.58 11.60 2434 2 3
61365 -792.00 -467.00 47.60 11.60 2434 2 10
61456 -786.00 -459.00 49.62 11.60 2434 2 17
61548 -779.00 -452.00 51.63 11.60 2414 2 24
61639 -773.00 -444.00 53.56 11.60 2414 2 31
61731 -768.00 -436.00 55.58 11.60 2414 2 36
61826 -762.00 -427.00 57.59 11.60 2414 2 43
61918 -757.00 -419.00 59.61 11.60 2672 2 49
62008 -752.00 -410.00 61.54 11.60 2672 2 55
62103 -748.00 -401.00 63.56 11.60 3012 2 61
62197 -743.00 -392.00 65.48 11.60 3012 2 67
62288 -743.00 -392.00 65.48 11.60 3012 2 67
62383 -739.00 -383.00 67.59 11.60 1260 2 73
62474 -736.00 -374.00 69.52 11.60 1260 2 78
62565 -733.00 -365.00 71.53 11.60 1260 2 83
62658 -730.00 -355.00 73.46 11.60 1206 2 88
62749 -727.00 -345.00 75.48 11.60 1206 2 94
62845 -727.00 -345.00 75.48 11.60 1206 2 94
62940 -723.00 -326.00 79.51 11.60 1163 2 103
63035 -721.00 -316.00 81.53 11.60 1163 2 108
63129 -720.00 -306.00 83.45 11.60 1163 2 112
63223 -719.00 -296.00 85.47 11.60 1163 2 117
63316 -719.00 -286.00 87.49 11.60 1051 2 121
63411 -718.00 -276.00 89.50 11.60 1051 2 125
63506 -719.00 -266.00 91.43 11.60 1051 2 128
63597 -719.00 -257.00 93.45 11.60 1128 2 132
63692 -719.00 -257.00 93.45 11.60 1128 2 132
63787 -720.00 -247.00 95.46 11.60 1128 2 135
63880 -721.00 -237.00 97.39 11.60 1128 2 139
63973 -722.00 -227.00 99.41 11.60 949 2 143
64069 -724.00 -217.00 101.43 11.60 949 2 146
64164 -726.00 -207.00 103.44 11.60 949 2 149
64256 -729.00 -198.00 105.37 11.60 927 2 151
64351 -732.00 -188.00 107.39 11.60 927 2 153
64446 -735.00 -179.00 109.32 11.60 927 2 156
64541 -739.00 -168.00 110.89 11.60 918 2 158
64632 -744.00 -154.00 111.24 11.60 918 2 162
64723 -750.00 -140.00 111.24 11.60 918 2 166
64816 -755.00 -126.00 111.24 11.60 918 2 170
64908 -755.00 -126.00 111.24 11.60 918 2 170
65003 -761.00 -112.00 111.24 11.60 883 2 174
65098 -766.00 -98.00 111.24 11.60 883 2 180
65190 -772.00 -84.00 111.24 11.60 883 2 185
65282 -777.00 -71.00 111.24 11.60 843 2 190
65376 -783.00 -57.00 111.24 11.60 843 2 195
65471 -788.00 -43.00 111.24 11.60 843 2 202
65564 -794.00 -29.00 111.24 11.60 798 2 208
65659 -799.00 -15.00 111.24 11.60 798 2 215
65754 -804.00 -1.00 111.24 11.60 798 2 223
65849 -810.00 13.00 111.24 11.60 784 2 230
65945 -815.00 27.00 111.24 11.60 725 2 238
66039 -821.00 41.00 111.24 11.60 725 2 245
66135 -826.00 54.00 111.16 11.60 725 2 253
66230 -832.00 68.00 111.24 11.60 707 2 261
66324 -837.00 82.00 111.24 11.60 707 2 270
66418 -843.00 96.00 111.24 11.60 707 2 279
66511 -848.00 110.00 111.24 11.60 623 2 288
66606 -854.00 124.00 111.24 11.60 623 2 297
66697 -854.00 124.00 111.24 11.60 623 2 297
66792 -859.00 138.00 111.16 11.60 623 2 307
66883 -865.00 152.00 111.24 11.60 623 2 316
66974 -870.00 166.00 111.24 11.60 574 2 326
67066 -875.00 180.00 111.24 11.60 574 2 337
67159 -881.00 194.00 111.24 11.60 574 2 347
67254 -886.00 207.00 111.24 11.60 586 2 356
67347 -892.00 221.00 111.24 11.60 586 2 366
67440 -897.00 235.00 111.24 11.60 586 2 377
67531 -903.00 249.00 111.24 11.60 573 2 388
67623 -908.00 263.00 111.24 11.60 573 2 399
67716 -914.00 277.00 111.16 11.60 573 3 0
67811 -919.00 291.00 111.24 11.60 461 3 -785
67905 -925.00 305.00 111.24 11.60 461 3 -770
67999 -925.00 305.00 111.24 11.60 461 3 -770
68093 -929.00 317.00 111.68 11.60 461 3 -757
68188 -933.00 326.00 113.44 11.60 411 3 -747
68281 -937.00 335.00 115.45 11.60 411 3 -738
68373 -942.00 344.00 117.47 11.60 411 3 -727
68465 -947.00 353.00 119.40 11.60 438 3 -717
68559 -952.00 361.00 121.41 11.60 340 3 -708
68653 -957.00 370.00 123.43 11.60 340 3 -698
68747 -963.00 378.00 125.45 11.60 340 3 -688
68840 -968.00 385.00 127.02 11.60 341 3 -679
68930 -971.00 388.00 127.46 11.60 341 3 -675
69022 -972.00 390.00 127.02 11.60 341 3 -673
69114 -972.00 390.00 127.02 11.60 341 3 -673
69209 -972.00 390.00 123.17 11.60 327 3 -673
69304 -972.00 390.00 123.17 11.60 327 3 -673
69398 -972.00 390.00 120.10 11.60 327 3 -673
69493 -972.00 390.00 117.12 11.60 287 3 -673
69588 -972.00 390.00 114.05 11.60 287 3 -673
69681 -972.00 390.00 111.16 11.60 287 3 -673
69772 -972.00 390.00 108.09 11.60 327 3 -673
69864 -972.00 390.00 105.20 11.60 327 3 -673
69957 -972.00 390.00 102.13 11.60 327 3 -673
70049 -972.00 390.00 99.23 11.60 291 3 -673
70144 -972.00 390.00 96.17 11.60 291 3 -673
70239 -972.00 390.00 93.19 11.60 291 3 -673
70331 -972.00 390.00 90.20 11.60 329 3 -673
70423 -972.00 390.00 87.22 11.60 329 3 -673
70514 -972.00 390.00 87.22 11.60 329 3 -673
70610 -972.00 390.00 81.26 11.60 304 3 -673
70701 -972.00 390.00 81.26 11.60 304 3 -673
70796 -972.00 390.00 78.28 11.60 304 3 -673
70891 -972.00 390.00 75.30 11.60 304 3 -673
70983 -972.00 390.00 72.32 11.60 433 3 -673
71075 -972.00 390.00 69.25 11.60 433 3 -673
71170 -972.00 390.00 66.27 11.60 433 3 -673
71264 -971.00 392.00 63.73 11.60 433 3 -672
71356 -969.00 396.00 62.50 11.60 2410 3 -669
71448 -965.00 403.00 61.98 11.60 2406 3 -664
71538 -961.00 413.00 62.68 11.60 2406 3 -656
71631 -956.00 422.00 64.08 11.60 2406 3 -649
71726 -952.00 431.00 66.27 11.60 2373 3 -641
71821 -948.00 439.00 68.20 11.60 2373 3 -634
71913 -945.00 449.00 70.13 11.60 443 3 -625
72008 -942.00 458.00 72.15 11.60 443 3 -617
72103 -939.00 468.00 74.16 11.60 443 3 -607
72198 -939.00 468.00 74.16 11.60 443 3 -607
72288 -936.00 477.00 76.09 11.60 390 3 -599
72384 -934.00 487.00 78.19 11.60 390 3 -589
72479 -932.00 497.00 80.12 11.60 390 3 -579
72573 -931.00 505.00 81.70 11.60 286 3 -571
72666 -931.00 510.00 82.05 11.60 286 3 -566
72757 -930.00 512.00 81.61 11.60 286 3 -564
72852 -930.00 512.00 80.12 11.60 286 3 -564
72947 -930.00 512.00 77.58 11.60 280 3 -564
73040 -930.00 512.00 74.51 11.60 280 3 -564
73130 -930.00 512.00 71.62 11.60 280 3 -564
73221 -930.00 512.00 68.55 11.60 2144 3 -564
73314 -930.00 512.00 68.55 11.60 2144 3 -564
73406 -930.00 512.00 62.59 11.60 2144 3 -564
73497 -930.00 512.00 62.59 11.60 2144 3 -564
73587 -930.00 513.00 59.96 11.60 2284 3 -563
73683 -928.00 516.00 58.12 11.60 2325 3 -561
73774 -924.00 522.00 57.42 11.60 2325 3 -555
73868 -919.00 531.00 56.54 11.60 2140 3 -546
73960 -913.00 539.00 54.53 11.60 2140 3 -538
74055 -907.00 547.00 52.60 11.60 2140 3 -530
74149 -901.00 555.00 50.49 11.60 2111 3 -522
74239 -895.00 562.00 48.57 11.60 2111 3 -514
74334 -895.00 562.00 48.57 11.60 2111 3 -514
74429 -881.00 577.00 44.62 11.60 2111 3 -498
74522 -874.00 584.00 42.60 11.60 2200 3 -490
74618 -874.00 584.00 42.60 11.60 2200 3 -490
74713 -866.00 590.00 40.59 11.60 2200 3 -483
74806 -859.00 596.00 38.57 11.60 2200 3 -476
74899 -851.00 603.00 36.64 11.60 2178 3 -468
74995 -843.00 608.00 34.63 11.60 2178 3 -461
75090 -835.00 614.00 32.61 11.60 2178 3 -454
75182 -826.00 619.00 30.59 11.60 2144 3 -447
75273 -817.00 624.00 28.67 11.60 2144 3 -440
75368 -809.00 629.00 26.65 11.60 2144 3 -433
75463 -800.00 633.00 24.72 11.60 2144 3 -426
75555 -791.00 637.00 22.70 11.60 2116 3 -420
75648 -781.00 641.00 20.69 11.60 2116 3 -412
75738 -772.00 644.00 18.67 11.60 2116 3 -406
75830 -762.00 647.00 16.66 11.60 2104 3 -400
75923 -753.00 650.00 14.73 11.60 2104 3 -394
76014 -743.00 652.00 12.71 11.60 2104 3 -388
76105 -733.00 654.00 10.69 11.60 2070 3 -382
76198 -733.00 654.00 10.69 11.60 2070 3 -382
76290 -724.00 656.00 8.68 11.60 2070 3 -376
76384 -714.00 657.00 6.75 11.60 2070 3 -371
76479 -704.00 658.00 4.73 11.60 2049 3 -365
76574 -694.00 658.00 2.72 11.60 2049 3 -360
76665 -684.00 659.00 0.79 11.60 2049 3 -354
76757 -674.00 659.00 -2.16 11.60 1934 3 -349
76851 -664.00 658.00 -4.18 11.60 1934 3 -344
76946 -654.00 658.00 -6.11 11.60 1934 3 -339
77040 -644.00 657.00 -8.12 11.60 1934 3 -334
77134 -634.00 655.00 -10.14 11.60 2480 3 -330
77228 -625.00 653.00 -12.07 11.60 2477 3 -326
77324 -615.00 651.00 -14.17 11.60 2477 3 -321
77414 -605.00 649.00 -16.10 11.60 2477 3 -316
77507 -605.00 649.00 -16.10 11.60 2477 3 -316
77602 -586.00 643.00 -20.13 11.60 2452 3 -309
77694 -586.00 643.00 -20.13 11.60 2452 3 -309
77789 -577.00 640.00 -22.06 11.60 1852 3 -305
77881 -568.00 636.00 -24.08 11.60 1852 3 -301
77973 -559.00 632.00 -26.09 11.60 1852 3 -298
78064 -550.00 628.00 -28.02 11.60 2407 3 -294
78156 -541.00 623.00 -30.04 11.60 2386 3 -291
78251 -532.00 618.00 -32.05 11.60 2386 3 -288
78345 -524.00 613.00 -34.07 11.60 2386 3 -285
78440 -516.00 607.00 -36.00 11.60 2375 3 -283
78531 -516.00 607.00 -36.00 11.60 2375 3 -283
78622 -500.00 595.00 -40.03 11.60 2375 3 -278
78715 -500.00 595.00 -40.03 11.60 2375 3 -278
78809 -492.00 589.00 -42.05 11.60 2323 3 -275
78902 -485.00 582.00 -43.98 11.60 2323 3 -274
78997 -478.00 575.00 -45.99 11.60 2323 3 -272
79090 -471.00 568.00 -48.01 11.60 2292 3 -270
79181 -464.00 560.00 -50.03 11.60 2292 3 -268
79274 -458.00 553.00 -51.95 11.60 2292 3 -267
79365 -452.00 545.00 -53.97 11.60 2274 3 -266
79456 -446.00 537.00 -55.99 11.60 2274 3 -265
79551 -440.00 529.00 -57.91 11.60 2274 3 -263
79646 -435.00 520.00 -59.93 11.60 2236 3 -263
79740 -430.00 512.00 -61.95 11.60 2236 3 -262
79833 -426.00 503.00 -63.88 11.60 2236 3 -262
79928 -421.00 494.00 -65.89 11.60 2208 3 -261
80023 -417.00 485.00 -67.91 11.60 2208 3 -261
80118 -414.00 475.00 -69.92 11.60 2208 3 -262
80213 -410.00 466.00 -71.85 11.60 2208 3 -262
80306 -407.00 457.00 -73.87 11.60 2213 3 -262
80401 -405.00 447.00 -75.89 11.60 2213 3 -263
80496 -405.00 447.00 -75.89 11.60 2213 3 -263
80588 -402.00 437.00 -77.90 11.60 2163 3 -264
80683 -400.00 428.00 -79.92 11.60 2163 3 -264
80778 -399.00 418.00 -81.85 11.60 2163 3 -266
80873 -397.00 408.00 -83.86 11.60 2163 3 -267
80963 -396.00 398.00 -85.88 11.60 2141 3 -268
81056 -396.00 388.00 -87.81 11.60 2141 3 -270
81148 -395.00 378.00 -89.82 11.60 2141 3 -271
81239 -395.00 368.00 -91.84 11.60 2131 3 -273
81334 -396.00 358.00 -93.86 11.60 2131 3 -276
81429 -396.00 349.00 -95.79 11.60 2131 3 -277
81523 -397.00 338.00 -97.80 11.60 2186 3 -279
81613 -399.00 329.00 -99.73 11.60 2186 3 -282
81706 -399.00 329.00 -99.73 11.60 2186 3 -282
81801 -400.00 319.00 -101.83 11.60 2186 3 -284
81896 -403.00 309.00 -103.76 11.60 2243 3 -288
81988 -405.00 299.00 -105.78 11.60 2211 3 -291
82083 -408.00 290.00 -107.79 11.60 2211 3 -294
82179 -411.00 280.00 -109.81 11.60 2211 3 -297
82274 -415.00 269.00 -111.30 11.60 2403 3 -301
82365 -420.00 255.00 -111.65 11.60 2364 3 -306
82459 -425.00 241.00 -111.74 11.60 2364 3 -310
82554 -431.00 227.00 -111.65 11.60 2122 3 -314
82648 -436.00 214.00 -111.65 11.60 2122 3 -318
82741 -436.00 214.00 -111.65 11.60 2122 3 -318
82836 -447.00 186.00 -111.65 11.60 2118 3 -324
82931 -452.00 172.00 -111.65 11.60 2118 3 -326
83022 -457.00 158.00 -111.56 11.60 2118 3 -328
83113 -463.00 144.00 -111.65 11.60 2050 3 -330
83206 -468.00 130.00 -111.56 11.60 2038 3 -330
83301 -468.00 130.00 -111.56 11.60 2038 3 -330
83396 -473.00 116.00 -111.65 11.60 2038 3 -331
83491 -479.00 102.00 -111.56 11.60 2038 3 -331
83586 -484.00 88.00 -111.65 11.60 2010 3 -330
83681 -489.00 74.00 -111.56 11.60 2010 3 -329
83771 -495.00 60.00 -111.56 11.60 2010 3 -328
83866 -500.00 46.00 -111.65 11.60 1971 3 -326
83961 -505.00 32.00 -111.56 11.60 1971 3 -323
84056 -511.00 18.00 -111.65 11.60 1971 3 -321
84151 -516.00 4.00 -111.65 11.60 1905 3 -317
84246 -521.00 -10.00 -111.65 11.60 1905 3 -313
84339 -527.00 -24.00 -111.65 11.60 1905 3 -310
84431 -532.00 -38.00 -111.65 11.60 1863 3 -305
84523 -537.00 -52.00 -111.65 11.60 1863 3 -300
84613 -543.00 -66.00 -111.56 11.60 1863 3 -295
84706 -543.00 -66.00 -111.56 11.60 1863 3 -295
84800 -548.00 -80.00 -111.56 11.60 2034 3 -289
84895 -553.00 -94.00 -111.65 11.60 1988 3 -282
84989 -559.00 -108.00 -111.65 11.60 1988 3 -276
85081 -564.00 -121.00 -111.65 11.60 1988 3 -270
85177 -569.00 -136.00 -111.65 11.60 1774 3 -262
85269 -575.00 -149.00 -111.65 11.60 1774 3 -256
85363 -580.00 -163.00 -111.65 11.60 1774 3 -248
85456 -585.00 -177.00 -111.65 11.60 1726 3 -239
85551 -590.00 -191.00 -111.56 11.60 1726 3 -231
85646 -596.00 -205.00 -111.65 11.60 1726 3 -223
85740 -601.00 -219.00 -111.65 11.60 1674 3 -213
85832 -606.00 -233.00 -111.56 11.60 1674 3 -204
85925 -612.00 -247.00 -111.65 11.60 1674 3 -195
86020 -617.00 -261.00 -111.65 11.60 1632 3 -185
86115 -622.00 -275.00 -111.56 11.60 1632 3 -176
86207 -628.00 -289.00 -111.56 11.60 1632 3 -166
86299 -628.00 -289.00 -111.56 11.60 1632 3 -166
86390 -633.00 -303.00 -111.65 11.60 1585 3 -156
86481 -638.00 -317.00 -111.56 11.60 1585 3 -145
86576 -644.00 -331.00 -111.65 11.60 1585 3 -135
86671 -649.00 -345.00 -111.65 11.60 1585 3 -124
86762 -654.00 -359.00 -111.65 11.60 1544 3 -113
86857 -660.00 -373.00 -111.65 11.60 1544 3 -102
86948 -660.00 -373.00 -111.65 11.60 1544 3 -102
87039 -670.00 -401.00 -111.65 11.60 1501 3 -79
87134 -676.00 -415.00 -111.56 11.60 1501 3 -68
87229 -681.00 -429.00 -111.65 11.60 1501 3 -57
87323 -686.00 -443.00 -111.65 11.60 1455 3 -45
87418 -692.00 -457.00 -111.56 11.60 1455 3 -33
87509 -697.00 -471.00 -111.65 11.60 1455 3 -21
87603 -697.00 -471.00 -111.65 11.60 1455 3 -21
87698 -702.00 -485.00 -111.65 11.60 1413 3 -9
87793 -708.00 -499.00 -111.65 11.60 1413 3 3
87888 -713.00 -513.00 -111.65 11.60 1413 3 15
87984 -718.00 -527.00 -111.65 11.60 1370 3 28
88074 -724.00 -541.00 -111.65 11.60 1370 3 40
88165 -729.00 -555.00 -111.56 11.60 1370 3 52
88256 -734.00 -569.00 -111.65 11.60 1370 3 65
88350 -740.00 -583.00 -111.56 11.60 1335 3 77
88444 -745.00 -597.00 -111.56 11.60 1335 3 90
88539 -750.00 -611.00 -111.65 11.60 1335 3 103
88630 -750.00 -611.00 -111.65 11.60 1335 3 103
88723 -761.00 -638.00 -111.56 11.60 1291 3 128
88815 -766.00 -652.00 -111.65 11.60 1291 3 141
88906 -766.00 -652.00 -111.65 11.60 1291 3 141
88998 -772.00 -666.00 -111.56 11.60 1255 3 154
89088 -777.00 -680.00 -111.65 11.60 1255 3 167
89180 -777.00 -680.00 -111.65 11.60 1255 3 167
89272 -777.00 -680.00 -111.65 11.60 1255 3 167
89365 -793.00 -722.00 -111.65 11.60 1216 3 206
89458 -798.00 -736.00 -111.65 11.60 1216 3 220
89549 -804.00 -750.00 -111.56 11.60 1171 3 233
89641 -809.00 -764.00 -111.65 11.60 1171 3 246
89736 -814.00 -778.00 -111.65 11.60 1171 3 260
89831 -820.00 -792.00 -111.56 11.60 1135 3 273
89927 -825.00 -806.00 -111.65 11.60 1135 3 287
90022 -830.00 -820.00 -111.65 11.60 1135 3 300
90116 -836.00 -834.00 -111.65 11.60 1107 3 314
90211 -841.00 -848.00 -111.56 11.60 1107 3 327
90306 -841.00 -848.00 -111.56 11.60 1107 3 327
90398 -846.00 -862.00 -111.65 11.60 1107 3 341
90489 -852.00 -876.00 -111.65 11.60 1107 3 355
90581 -857.00 -890.00 -111.56 11.60 1066 3 368
90673 -862.00 -904.00 -111.56 11.60 1066 3 382
90766 -868.00 -918.00 -111.56 11.60 1066 3 396
90861 -873.00 -932.00 -111.56 11.60 1029 1 0
90956 -878.00 -946.00 -111.65 11.60 1029 1 15
91049 -883.00 -960.00 -111.65 11.60 1029 1 30
91144 -883.00 -960.00 -111.65 11.60 1029 1 30
91237 -892.00 -982.00 -109.46 11.60 558 1 53
91332 -894.00 -991.00 -107.53 11.60 558 1 63
91423 -897.00 -1001.00 -105.52 11.60 558 1 73
91518 -900.00 -1010.00 -103.50 11.60 531 1 83
91613 -902.00 -1020.00 -101.48 11.60 531 1 93
91706 -902.00 -1020.00 -101.48 11.60 531 1 93
91801 -903.00 -1030.00 -99.47 11.60 531 1 102
91896 -905.00 -1040.00 -97.45 11.60 905 1 113
91988 -906.00 -1050.00 -95.52 11.60 478 1 123
92079 -906.00 -1059.00 -93.51 11.60 478 1 131
92172 -906.00 -1069.00 -91.49 11.60 478 1 141
92265 -906.00 -1079.00 -89.56 11.60 457 1 151
92357 -906.00 -1089.00 -87.54 11.60 457 1 160
92452 -905.00 -1099.00 -85.53 11.60 457 1 170
92547 -904.00 -1109.00 -83.60 11.60 423 1 180
92639 -903.00 -1119.00 -81.58 11.60 423 1 189
92733 -901.00 -1129.00 -79.57 11.60 423 1 199
92828 -899.00 -1138.00 -77.55 11.60 423 1 208
92923 -897.00 -1148.00 -75.62 11.60 388 1 217
93017 -894.00 -1158.00 -73.61 11.60 388 1 227
93112 -891.00 -1167.00 -71.59 11.60 388 1 236
93205 -891.00 -1167.00 -71.59 11.60 388 1 236
93297 -888.00 -1175.00 -70.10 11.60 377 1 243
93393 -887.00 -1179.00 -69.75 11.60 377 1 247
93488 -886.00 -1181.00 -70.28 11.60 377 1 249
93579 -886.00 -1181.00 -71.85 11.60 367 1 249
93673 -886.00 -1181.00 -74.40 11.60 367 1 249
93766 -886.00 -1181.00 -77.46 11.60 367 1 249
93861 -886.00 -1181.00 -80.44 11.60 367 1 249
93955 -886.00 -1181.00 -83.34 11.60 400 1 249
94046 -886.00 -1181.00 -86.41 11.60 400 1 249
94139 -886.00 -1181.00 -89.39 11.60 362 1 249
94229 -886.00 -1183.00 -91.93 11.60 362 1 251
94325 -886.00 -1188.00 -93.24 11.60 362 1 256
94420 -886.00 -1196.00 -93.77 11.60 362 1 264
94514 -887.00 -1202.00 -94.47 11.60 756 1 270
94609 -887.00 -1205.00 -96.40 11.60 756 1 273
94700 -887.00 -1205.00 -96.40 11.60 756 1 273
94795 -887.00 -1205.00 -99.20 11.60 394 1 273
94889 -887.00 -1206.00 -101.83 11.60 394 1 274
94984 -888.00 -1211.00 -103.06 11.60 394 1 279
95078 -889.00 -1215.00 -104.46 11.60 394 1 283
95173 -889.00 -1216.00 -107.27 11.60 380 1 284
95265 -889.00 -1216.00 -110.25 11.60 380 1 284
95355 -889.00 -1216.00 -110.25 11.60 380 1 284
95450 -889.00 -1216.00 -116.12 11.60 610 1 284
95545 -889.00 -1216.00 -119.19 11.60 610 1 284
95639 -889.00 -1216.00 -122.17 11.60 591 1 284
95732 -890.00 -1217.00 -124.80 11.60 377 1 286
95824 -892.00 -1220.00 -126.38 11.60 377 1 289
95914 -897.00 -1226.00 -127.08 11.60 377 1 295
96009 -897.00 -1226.00 -127.08 11.60 377 1 295
96104 -901.00 -1231.00 -127.69 11.60 363 1 300
96198 -903.00 -1234.00 -129.54 11.60 363 1 303
96291 -903.00 -1234.00 -132.25 11.60 363 1 303
96382 -903.00 -1234.00 -132.25 11.60 363 1 303
96477 -903.00 -1234.00 -138.21 11.60 357 1 303
96572 -903.00 -1234.00 -141.28 11.60 357 1 303
96665 -903.00 -1234.00 -144.26 11.60 363 1 303
96756 -903.00 -1234.00 -147.24 11.60 363 1 303
96848 -903.00 -1234.00 -150.22 11.60 363 1 303
96942 -903.00 -1234.00 -153.20 11.60 705 1 303
97037 -903.00 -1234.00 -156.18 11.60 705 1 303
97131 -903.00 -1234.00 -159.17 11.60 705 1 303
97226 -904.00 -1235.00 -161.71 11.60 369 1 305
97321 -909.00 -1236.00 -163.02 11.60 369 1 306
97414 -909.00 -1236.00 -163.02 11.60 369 1 306
97509 -917.00 -1239.00 -163.46 11.60 369 1 310
97604 -924.00 -1241.00 -163.81 11.60 354 1 313
97697 -928.00 -1242.00 -165.48 11.60 354 1 315
97791 -929.00 -1242.00 -167.93 11.60 354 1 315
97881 -929.00 -1242.00 -171.00 11.60 832 1 315
97972 -929.00 -1242.00 -174.16 11.60 832 1 315
98063 -929.00 -1242.00 -176.96 11.60 832 1 315
98156 -931.00 -1242.00 -179.59 11.60 814 1 315
98251 -935.00 -1242.00 178.92 11.60 814 1 316
98346 -943.00 -1242.00 178.39 11.60 814 1 318
98439 -953.00 -1242.00 178.92 11.60 814 1 320
98531 -963.00 -1242.00 179.18 11.60 832 1 323
98623 -973.00 -1242.00 178.31 11.60 832 1 326
98717 -983.00 -1242.00 176.55 11.60 832 1 329
98811 -993.00 -1241.00 174.54 11.60 816 1 331
98906 -993.00 -1241.00 174.54 11.60 816 1 331
98999 -1003.00 -1240.00 172.52 11.60 816 1 334
99091 -1013.00 -1239.00 170.59 11.60 816 1 337
99186 -1023.00 -1237.00 168.58 11.60 812 1 340
99279 -1033.00 -1235.00 166.56 11.60 812 1 343
99372 -1042.00 -1233.00 164.63 11.60 812 1 345
99466 -1052.00 -1230.00 162.53 11.60 1171 1 348
99561 -1061.00 -1227.00 160.60 11.60 1149 1 350
99653 -1071.00 -1223.00 158.58 11.60 1149 1 352
99749 -1080.00 -1220.00 156.57 11.60 1149 1 355
99839 -1089.00 -1216.00 154.64 11.60 1464 1 357
99930 -1098.00 -1211.00 152.62 11.60 1464 1 358
100024 -1107.00 -1207.00 150.60 11.60 1464 1 361
100119 -1115.00 -1202.00 148.59 11.60 1134 1 363
100214 -1115.00 -1202.00 148.59 11.60 1134 1 363
100307 -1124.00 -1196.00 146.66 11.60 1134 1 364
100402 -1132.00 -1191.00 144.64 11.60 1134 1 366
100493 -1140.00 -1185.00 142.63 11.60 1141 1 368
100588 -1140.00 -1185.00 142.63 11.60 1141 1 368
100678 -1155.00 -1173.00 138.59 11.60 1141 1 371
100772 -1163.00 -1166.00 136.67 11.60 1436 1 373
100864 -1170.00 -1159.00 134.65 11.60 1436 1 374
100956 -1177.00 -1152.00 132.63 11.60 1436 1 375
101047 -1184.00 -1144.00 130.70 11.60 1436 1 376
101139 -1190.00 -1137.00 128.69 11.60 1496 1 378
101229 -1196.00 -1129.00 126.67 11.60 1496 1 378
